lib/email.ts(1,24): error TS2307: Cannot find module 'nodemailer' or its corresponding type declarations.
sites/coopaibi/app/page.tsx(1,20): error TS2307: Cannot find module '@/components/Navbar' or its corresponding type declarations.
sites/coopaibi/app/page.tsx(2,18): error TS2307: Cannot find module '@/components/Hero' or its corresponding type declarations.
sites/coopaibi/app/page.tsx(3,19): error TS2307: Cannot find module '@/components/Sobre' or its corresponding type declarations.
sites/coopaibi/app/page.tsx(4,34): error TS2307: Cannot find module '@/components/SistemaAgroflorestal' or its corresponding type declarations.
sites/coopaibi/app/page.tsx(5,22): error TS2307: Cannot find module '@/components/Metricas' or its corresponding type declarations.
sites/coopaibi/app/page.tsx(6,17): error TS2307: Cannot find module '@/components/ODS' or its corresponding type declarations.
sites/coopaibi/app/page.tsx(7,23): error TS2307: Cannot find module '@/components/Parcerias' or its corresponding type declarations.
sites/coopaibi/app/page.tsx(8,22): error TS2307: Cannot find module '@/components/Timeline' or its corresponding type declarations.
sites/coopaibi/app/page.tsx(9,22): error TS2307: Cannot find module '@/components/Noticias' or its corresponding type declarations.
sites/coopaibi/app/page.tsx(10,20): error TS2307: Cannot find module '@/components/Footer' or its corresponding type declarations.
